\BOOKMARK [0][-]{Doc-Start}{\376\377\000A\000b\000s\000t\000r\000a\000c\000t}{}% 1
\BOOKMARK [0][-]{chapter*.2}{\376\377\000S\000t\000r\000e\000s\000z\000c\000z\000e\000n\000i\000e}{}% 2
\BOOKMARK [0][-]{chapter*.3}{\376\377\000L\000i\000s\000t\000\040\000o\000f\000\040\000I\000m\000p\000o\000r\000t\000a\000n\000t\000\040\000S\000y\000m\000b\000o\000l\000s\000\040\000a\000n\000d\000\040\000A\000b\000b\000r\000e\000v\000i\000a\000t\000i\000o\000n\000s}{}% 3
\BOOKMARK [0][-]{chapter*.4}{\376\377\000T\000a\000b\000l\000e\000\040\000o\000f\000\040\000c\000o\000n\000t\000e\000n\000t\000s}{}% 4
\BOOKMARK [0][-]{chapter.1}{\376\377\000I\000n\000t\000r\000o\000d\000u\000c\000t\000i\000o\000n}{}% 5
\BOOKMARK [1][-]{section.1.1}{\376\377\000P\000r\000o\000b\000l\000e\000m\000\040\000s\000t\000a\000t\000e\000m\000e\000n\000t}{chapter.1}% 6
\BOOKMARK [1][-]{section.1.2}{\376\377\000A\000i\000m\000\040\000a\000n\000d\000\040\000s\000c\000o\000p\000e\000\040\000o\000f\000\040\000t\000h\000e\000\040\000t\000h\000e\000s\000i\000s}{chapter.1}% 7
\BOOKMARK [1][-]{section.1.3}{\376\377\000O\000w\000n\000\040\000c\000o\000n\000t\000r\000i\000b\000u\000t\000i\000o\000n}{chapter.1}% 8
\BOOKMARK [1][-]{section.1.4}{\376\377\000S\000t\000r\000u\000c\000t\000u\000r\000e\000\040\000o\000f\000\040\000t\000h\000e\000\040\000t\000h\000e\000s\000i\000s}{chapter.1}% 9
\BOOKMARK [0][-]{chapter.2}{\376\377\000S\000t\000a\000t\000e\000\040\000o\000f\000\040\000t\000h\000e\000\040\000a\000r\000t}{}% 10
\BOOKMARK [1][-]{section.2.1}{\376\377\000R\000e\000v\000i\000e\000w\000\040\000m\000e\000t\000h\000o\000d}{chapter.2}% 11
\BOOKMARK [1][-]{section.2.2}{\376\377\000A\000l\000g\000o\000r\000i\000t\000h\000m\000i\000c\000\040\000t\000r\000a\000d\000i\000n\000g\000\040\000a\000n\000d\000\040\000t\000e\000c\000h\000n\000i\000c\000a\000l\000\040\000a\000n\000a\000l\000y\000s\000i\000s}{chapter.2}% 12
\BOOKMARK [1][-]{section.2.3}{\376\377\000M\000u\000l\000t\000i\000-\000a\000g\000e\000n\000t\000\040\000s\000y\000s\000t\000e\000m\000s\000\040\000i\000n\000\040\000f\000i\000n\000a\000n\000c\000e}{chapter.2}% 13
\BOOKMARK [1][-]{section.2.4}{\376\377\000A\000l\000g\000o\000r\000i\000t\000h\000m\000i\000c\000\040\000t\000r\000a\000d\000i\000n\000g\000\040\000o\000n\000\040\000C\000e\000n\000t\000r\000a\000l\000\040\000a\000n\000d\000\040\000E\000a\000s\000t\000e\000r\000n\000\040\000E\000u\000r\000o\000p\000e\000a\000n\000\040\000m\000a\000r\000k\000e\000t\000s}{chapter.2}% 14
\BOOKMARK [1][-]{section.2.5}{\376\377\000R\000i\000s\000k\000-\000a\000d\000j\000u\000s\000t\000e\000d\000\040\000p\000e\000r\000f\000o\000r\000m\000a\000n\000c\000e\000\040\000e\000v\000a\000l\000u\000a\000t\000i\000o\000n}{chapter.2}% 15
\BOOKMARK [1][-]{section.2.6}{\376\377\000C\000h\000a\000p\000t\000e\000r\000\040\000s\000u\000m\000m\000a\000r\000y}{chapter.2}% 16
\BOOKMARK [0][-]{chapter.3}{\376\377\000T\000h\000e\000o\000r\000e\000t\000i\000c\000a\000l\000\040\000b\000a\000c\000k\000g\000r\000o\000u\000n\000d\000\040\000a\000n\000d\000\040\000s\000y\000s\000t\000e\000m\000\040\000d\000e\000s\000i\000g\000n}{}% 17
\BOOKMARK [1][-]{section.3.1}{\376\377\000F\000o\000r\000e\000c\000a\000s\000t\000\040\000c\000o\000m\000b\000i\000n\000a\000t\000i\000o\000n\000\040\000a\000n\000d\000\040\000v\000a\000r\000i\000a\000n\000c\000e\000\040\000r\000e\000d\000u\000c\000t\000i\000o\000n}{chapter.3}% 18
\BOOKMARK [1][-]{section.3.2}{\376\377\000M\000a\000p\000p\000i\000n\000g\000\040\000t\000o\000\040\000t\000h\000e\000\040\000t\000r\000a\000d\000i\000n\000g\000\040\000p\000r\000o\000b\000l\000e\000m}{chapter.3}% 19
\BOOKMARK [1][-]{section.3.3}{\376\377\000H\000y\000p\000o\000t\000h\000e\000s\000e\000s}{chapter.3}% 20
\BOOKMARK [1][-]{section.3.4}{\376\377\000S\000y\000s\000t\000e\000m\000\040\000a\000r\000c\000h\000i\000t\000e\000c\000t\000u\000r\000e}{chapter.3}% 21
\BOOKMARK [1][-]{section.3.5}{\376\377\000S\000i\000g\000n\000a\000l\000\040\000a\000g\000e\000n\000t\000s}{chapter.3}% 22
\BOOKMARK [1][-]{section.3.6}{\376\377\000D\000e\000c\000i\000s\000i\000o\000n\000\040\000a\000g\000e\000n\000t}{chapter.3}% 23
\BOOKMARK [1][-]{section.3.7}{\376\377\000A\000g\000e\000n\000t\000\040\000t\000a\000x\000o\000n\000o\000m\000y}{chapter.3}% 24
\BOOKMARK [1][-]{section.3.8}{\376\377\000C\000h\000a\000p\000t\000e\000r\000\040\000s\000u\000m\000m\000a\000r\000y}{chapter.3}% 25
\BOOKMARK [0][-]{chapter.4}{\376\377\000I\000m\000p\000l\000e\000m\000e\000n\000t\000a\000t\000i\000o\000n}{}% 26
\BOOKMARK [1][-]{section.4.1}{\376\377\000R\000e\000q\000u\000i\000r\000e\000m\000e\000n\000t\000s}{chapter.4}% 27
\BOOKMARK [2][-]{subsection.4.1.1}{\376\377\000F\000u\000n\000c\000t\000i\000o\000n\000a\000l\000\040\000r\000e\000q\000u\000i\000r\000e\000m\000e\000n\000t\000s}{section.4.1}% 28
\BOOKMARK [2][-]{subsection.4.1.2}{\376\377\000N\000o\000n\000-\000f\000u\000n\000c\000t\000i\000o\000n\000a\000l\000\040\000r\000e\000q\000u\000i\000r\000e\000m\000e\000n\000t\000s\000\040\000a\000n\000d\000\040\000d\000e\000s\000i\000g\000n\000\040\000c\000o\000n\000s\000t\000r\000a\000i\000n\000t\000s}{section.4.1}% 29
\BOOKMARK [1][-]{section.4.2}{\376\377\000T\000e\000c\000h\000n\000o\000l\000o\000g\000y\000\040\000s\000t\000a\000c\000k}{chapter.4}% 30
\BOOKMARK [1][-]{section.4.3}{\376\377\000S\000o\000f\000t\000w\000a\000r\000e\000\040\000a\000r\000c\000h\000i\000t\000e\000c\000t\000u\000r\000e}{chapter.4}% 31
\BOOKMARK [2][-]{subsection.4.3.1}{\376\377\000T\000h\000e\000\040\000a\000g\000e\000n\000t\000\040\000c\000o\000n\000t\000r\000a\000c\000t}{section.4.3}% 32
\BOOKMARK [2][-]{subsection.4.3.2}{\376\377\000T\000h\000e\000\040\000d\000e\000c\000i\000s\000i\000o\000n\000\040\000l\000a\000y\000e\000r}{section.4.3}% 33
\BOOKMARK [1][-]{section.4.4}{\376\377\000I\000m\000p\000l\000e\000m\000e\000n\000t\000a\000t\000i\000o\000n\000\040\000o\000f\000\040\000t\000h\000e\000\040\000t\000r\000a\000d\000i\000n\000g\000\040\000p\000i\000p\000e\000l\000i\000n\000e}{chapter.4}% 34
\BOOKMARK [2][-]{subsection.4.4.1}{\376\377\000S\000i\000g\000n\000a\000l\000\040\000p\000r\000e\000c\000o\000m\000p\000u\000t\000a\000t\000i\000o\000n\000\040\000a\000n\000d\000\040\000t\000h\000e\000\040\000a\000b\000s\000e\000n\000c\000e\000\040\000o\000f\000\040\000l\000o\000o\000k\000-\000a\000h\000e\000a\000d}{section.4.4}% 35
\BOOKMARK [2][-]{subsection.4.4.2}{\376\377\000P\000o\000r\000t\000f\000o\000l\000i\000o\000\040\000a\000c\000c\000o\000u\000n\000t\000i\000n\000g}{section.4.4}% 36
\BOOKMARK [2][-]{subsection.4.4.3}{\376\377\000M\000e\000t\000r\000i\000c\000s}{section.4.4}% 37
\BOOKMARK [1][-]{section.4.5}{\376\377\000D\000a\000t\000a\000\040\000p\000r\000e\000p\000a\000r\000a\000t\000i\000o\000n}{chapter.4}% 38
\BOOKMARK [1][-]{section.4.6}{\376\377\000E\000x\000p\000e\000r\000i\000m\000e\000n\000t\000\040\000h\000a\000r\000n\000e\000s\000s}{chapter.4}% 39
\BOOKMARK [1][-]{section.4.7}{\376\377\000V\000e\000r\000i\000f\000i\000c\000a\000t\000i\000o\000n\000\040\000o\000f\000\040\000t\000h\000e\000\040\000i\000m\000p\000l\000e\000m\000e\000n\000t\000a\000t\000i\000o\000n}{chapter.4}% 40
\BOOKMARK [1][-]{section.4.8}{\376\377\000C\000h\000a\000p\000t\000e\000r\000\040\000s\000u\000m\000m\000a\000r\000y}{chapter.4}% 41
\BOOKMARK [0][-]{chapter.5}{\376\377\000E\000v\000a\000l\000u\000a\000t\000i\000o\000n\000\040\000m\000e\000t\000h\000o\000d\000o\000l\000o\000g\000y\000\040\000a\000n\000d\000\040\000r\000e\000s\000u\000l\000t\000s}{}% 42
\BOOKMARK [1][-]{section.5.1}{\376\377\000E\000x\000p\000e\000r\000i\000m\000e\000n\000t\000a\000l\000\040\000s\000e\000t\000u\000p}{chapter.5}% 43
\BOOKMARK [2][-]{subsection.5.1.1}{\376\377\000D\000a\000t\000a\000s\000e\000t}{section.5.1}% 44
\BOOKMARK [2][-]{subsection.5.1.2}{\376\377\000T\000r\000a\000n\000s\000a\000c\000t\000i\000o\000n\000-\000c\000o\000s\000t\000\040\000m\000o\000d\000e\000l}{section.5.1}% 45
\BOOKMARK [2][-]{subsection.5.1.3}{\376\377\000W\000a\000l\000k\000-\000f\000o\000r\000w\000a\000r\000d\000\040\000p\000r\000o\000t\000o\000c\000o\000l}{section.5.1}% 46
\BOOKMARK [2][-]{subsection.5.1.4}{\376\377\000B\000a\000s\000e\000l\000i\000n\000e\000s}{section.5.1}% 47
\BOOKMARK [2][-]{subsection.5.1.5}{\376\377\000M\000a\000c\000h\000i\000n\000e\000-\000l\000e\000a\000r\000n\000i\000n\000g\000\040\000b\000a\000s\000e\000l\000i\000n\000e\000s}{section.5.1}% 48
\BOOKMARK [2][-]{subsection.5.1.6}{\376\377\000R\000i\000s\000k\000-\000a\000d\000j\000u\000s\000t\000e\000d\000\040\000m\000e\000t\000r\000i\000c\000s}{section.5.1}% 49
\BOOKMARK [2][-]{subsection.5.1.7}{\376\377\000M\000a\000r\000k\000e\000t\000-\000r\000e\000g\000i\000m\000e\000\040\000l\000a\000b\000e\000l\000l\000i\000n\000g}{section.5.1}% 50
\BOOKMARK [2][-]{subsection.5.1.8}{\376\377\000V\000o\000l\000a\000t\000i\000l\000i\000t\000y\000-\000m\000a\000t\000c\000h\000e\000d\000\040\000c\000o\000m\000p\000a\000r\000i\000s\000o\000n}{section.5.1}% 51
\BOOKMARK [2][-]{subsection.5.1.9}{\376\377\000C\000o\000s\000t\000-\000s\000e\000n\000s\000i\000t\000i\000v\000i\000t\000y\000\040\000s\000w\000e\000e\000p}{section.5.1}% 52
\BOOKMARK [2][-]{subsection.5.1.10}{\376\377\000B\000o\000o\000t\000s\000t\000r\000a\000p\000\040\000c\000o\000n\000f\000i\000d\000e\000n\000c\000e\000\040\000i\000n\000t\000e\000r\000v\000a\000l\000s\000\040\000a\000n\000d\000\040\000t\000e\000s\000t\000s}{section.5.1}% 53
\BOOKMARK [1][-]{section.5.2}{\376\377\000R\000e\000s\000u\000l\000t\000s\000\040\000o\000n\000\040\000t\000h\000e\000\040\000W\000I\000G\0002\0000\000\040\000p\000a\000n\000e\000l}{chapter.5}% 54
\BOOKMARK [2][-]{subsection.5.2.1}{\376\377\000P\000a\000r\000a\000m\000e\000t\000e\000r\000\040\000s\000e\000l\000e\000c\000t\000i\000o\000n\000\040\000o\000n\000\040\000t\000r\000a\000i\000n\000i\000n\000g\000\040\000d\000a\000t\000a}{section.5.2}% 55
\BOOKMARK [2][-]{subsection.5.2.2}{\376\377\000H\000e\000a\000d\000l\000i\000n\000e\000\040\000r\000e\000s\000u\000l\000t\000s\000\040\000o\000n\000\040\000h\000e\000l\000d\000-\000o\000u\000t\000\040\000d\000a\000t\000a}{section.5.2}% 56
\BOOKMARK [2][-]{subsection.5.2.3}{\376\377\000R\000i\000s\000k\000-\000a\000d\000j\000u\000s\000t\000e\000d\000\040\000c\000o\000m\000p\000a\000r\000i\000s\000o\000n}{section.5.2}% 57
\BOOKMARK [2][-]{subsection.5.2.4}{\376\377\000V\000o\000l\000a\000t\000i\000l\000i\000t\000y\000-\000m\000a\000t\000c\000h\000e\000d\000\040\000c\000o\000m\000p\000a\000r\000i\000s\000o\000n}{section.5.2}% 58
\BOOKMARK [2][-]{subsection.5.2.5}{\376\377\000M\000a\000r\000k\000e\000t\000-\000r\000e\000g\000i\000m\000e\000\040\000d\000e\000c\000o\000m\000p\000o\000s\000i\000t\000i\000o\000n}{section.5.2}% 59
\BOOKMARK [2][-]{subsection.5.2.6}{\376\377\000C\000o\000s\000t\000-\000s\000e\000n\000s\000i\000t\000i\000v\000i\000t\000y\000\040\000a\000n\000a\000l\000y\000s\000i\000s}{section.5.2}% 60
\BOOKMARK [2][-]{subsection.5.2.7}{\376\377\000E\000m\000p\000i\000r\000i\000c\000a\000l\000\040\000s\000i\000g\000n\000a\000l\000\040\000c\000o\000r\000r\000e\000l\000a\000t\000i\000o\000n\000s}{section.5.2}% 61
\BOOKMARK [2][-]{subsection.5.2.8}{\376\377\000V\000a\000l\000i\000d\000a\000t\000i\000o\000n\000\040\000o\000f\000\040\000t\000h\000e\000\040\000c\000o\000n\000f\000i\000d\000e\000n\000c\000e\000\040\000m\000e\000a\000s\000u\000r\000e}{section.5.2}% 62
\BOOKMARK [1][-]{section.5.3}{\376\377\000R\000o\000b\000u\000s\000t\000n\000e\000s\000s\000\040\000c\000h\000e\000c\000k\000s\000\040\000a\000n\000d\000\040\000e\000x\000t\000e\000r\000n\000a\000l\000\040\000v\000a\000l\000i\000d\000a\000t\000i\000o\000n}{chapter.5}% 63
\BOOKMARK [2][-]{subsection.5.3.1}{\376\377\000S\000i\000n\000g\000l\000e\000-\000a\000g\000e\000n\000t\000\040\000b\000a\000s\000e\000l\000i\000n\000e\000s\000\040\000a\000n\000d\000\040\000l\000e\000a\000v\000e\000-\000o\000n\000e\000-\000o\000u\000t\000\040\000a\000b\000l\000a\000t\000i\000o\000n}{section.5.3}% 64
\BOOKMARK [2][-]{subsection.5.3.2}{\376\377\000W\000e\000i\000g\000h\000t\000\040\000s\000e\000n\000s\000i\000t\000i\000v\000i\000t\000y\000\040\000a\000n\000d\000\040\000a\000l\000t\000e\000r\000n\000a\000t\000i\000v\000e\000\040\000w\000e\000i\000g\000h\000t\000i\000n\000g\000\040\000s\000c\000h\000e\000m\000e\000s}{section.5.3}% 65
\BOOKMARK [2][-]{subsection.5.3.3}{\376\377\000C\000o\000m\000p\000a\000r\000i\000s\000o\000n\000\040\000w\000i\000t\000h\000\040\000m\000a\000c\000h\000i\000n\000e\000-\000l\000e\000a\000r\000n\000i\000n\000g\000\040\000b\000a\000s\000e\000l\000i\000n\000e\000s}{section.5.3}% 66
\BOOKMARK [2][-]{subsection.5.3.4}{\376\377\000S\000t\000a\000t\000i\000s\000t\000i\000c\000a\000l\000\040\000s\000i\000g\000n\000i\000f\000i\000c\000a\000n\000c\000e}{section.5.3}% 67
\BOOKMARK [2][-]{subsection.5.3.5}{\376\377\000W\000a\000l\000k\000-\000f\000o\000r\000w\000a\000r\000d\000\040\000r\000o\000b\000u\000s\000t\000n\000e\000s\000s}{section.5.3}% 68
\BOOKMARK [2][-]{subsection.5.3.6}{\376\377\000S\000e\000n\000s\000i\000t\000i\000v\000i\000t\000y\000\040\000t\000o\000\040\000t\000h\000e\000\040\000s\000e\000l\000e\000c\000t\000i\000o\000n\000\040\000o\000b\000j\000e\000c\000t\000i\000v\000e}{section.5.3}% 69
\BOOKMARK [2][-]{subsection.5.3.7}{\376\377\000E\000x\000t\000e\000r\000n\000a\000l\000\040\000v\000a\000l\000i\000d\000a\000t\000i\000o\000n\000\040\000o\000n\000\040\000t\000h\000e\000\040\000F\000T\000S\000E\000\040\0001\0000\0000}{section.5.3}% 70
\BOOKMARK [1][-]{section.5.4}{\376\377\000D\000i\000s\000c\000u\000s\000s\000i\000o\000n}{chapter.5}% 71
\BOOKMARK [2][-]{subsection.5.4.1}{\376\377\000F\000r\000o\000m\000\040\000f\000o\000r\000e\000c\000a\000s\000t\000-\000c\000o\000m\000b\000i\000n\000a\000t\000i\000o\000n\000\040\000t\000h\000e\000o\000r\000y\000\040\000t\000o\000\040\000e\000m\000p\000i\000r\000i\000c\000a\000l\000\040\000e\000v\000i\000d\000e\000n\000c\000e}{section.5.4}% 72
\BOOKMARK [2][-]{subsection.5.4.2}{\376\377\000E\000v\000i\000d\000e\000n\000c\000e\000\040\000f\000o\000r\000\040\000t\000h\000e\000\040\000t\000h\000r\000e\000e\000\040\000h\000y\000p\000o\000t\000h\000e\000s\000e\000s}{section.5.4}% 73
\BOOKMARK [2][-]{subsection.5.4.3}{\376\377\000C\000r\000o\000s\000s\000-\000m\000a\000r\000k\000e\000t\000\040\000g\000e\000n\000e\000r\000a\000l\000i\000s\000a\000t\000i\000o\000n}{section.5.4}% 74
\BOOKMARK [2][-]{subsection.5.4.4}{\376\377\000W\000h\000y\000\040\000g\000r\000o\000s\000s\000\040\000t\000o\000t\000a\000l\000\040\000r\000e\000t\000u\000r\000n\000\040\000u\000n\000d\000e\000r\000s\000t\000a\000t\000e\000s\000\040\000t\000h\000e\000\040\000c\000o\000n\000t\000r\000i\000b\000u\000t\000i\000o\000n\000\040\000o\000f\000\040\000t\000h\000e\000\040\000e\000n\000s\000e\000m\000b\000l\000e}{section.5.4}% 75
\BOOKMARK [2][-]{subsection.5.4.5}{\376\377\000C\000o\000n\000n\000e\000c\000t\000i\000o\000n\000s\000\040\000t\000o\000\040\000t\000h\000e\000\040\000b\000r\000o\000a\000d\000e\000r\000\040\000e\000m\000p\000i\000r\000i\000c\000a\000l\000\040\000l\000i\000t\000e\000r\000a\000t\000u\000r\000e}{section.5.4}% 76
\BOOKMARK [2][-]{subsection.5.4.6}{\376\377\000P\000r\000a\000c\000t\000i\000c\000a\000l\000\040\000i\000m\000p\000l\000i\000c\000a\000t\000i\000o\000n\000s\000\040\000f\000o\000r\000\040\000a\000\040\000r\000e\000t\000a\000i\000l\000\040\000i\000n\000v\000e\000s\000t\000o\000r}{section.5.4}% 77
\BOOKMARK [2][-]{subsection.5.4.7}{\376\377\000D\000e\000p\000l\000o\000y\000m\000e\000n\000t\000\040\000a\000n\000d\000\040\000s\000c\000a\000l\000a\000b\000i\000l\000i\000t\000y}{section.5.4}% 78
\BOOKMARK [2][-]{subsection.5.4.8}{\376\377\000D\000e\000s\000i\000g\000n\000\040\000i\000m\000p\000l\000i\000c\000a\000t\000i\000o\000n\000s}{section.5.4}% 79
\BOOKMARK [1][-]{section.5.5}{\376\377\000C\000h\000a\000p\000t\000e\000r\000\040\000s\000u\000m\000m\000a\000r\000y}{chapter.5}% 80
\BOOKMARK [0][-]{chapter.6}{\376\377\000S\000u\000m\000m\000a\000r\000y}{}% 81
\BOOKMARK [1][-]{section.6.1}{\376\377\000C\000o\000n\000c\000l\000u\000s\000i\000o\000n\000s}{chapter.6}% 82
\BOOKMARK [1][-]{section.6.2}{\376\377\000D\000i\000f\000f\000i\000c\000u\000l\000t\000i\000e\000s\000\040\000a\000n\000d\000\040\000l\000i\000m\000i\000t\000a\000t\000i\000o\000n\000s}{chapter.6}% 83
\BOOKMARK [1][-]{section.6.3}{\376\377\000T\000h\000e\000\040\000w\000a\000y\000\040\000f\000o\000r\000w\000a\000r\000d}{chapter.6}% 84
\BOOKMARK [0][-]{chapter*.34}{\376\377\000B\000i\000b\000l\000i\000o\000g\000r\000a\000p\000h\000y}{}% 85
\BOOKMARK [0][-]{chapter*.35}{\376\377\000L\000i\000s\000t\000\040\000o\000f\000\040\000f\000i\000g\000u\000r\000e\000s}{}% 86
\BOOKMARK [0][-]{chapter*.36}{\376\377\000L\000i\000s\000t\000\040\000o\000f\000\040\000t\000a\000b\000l\000e\000s}{}% 87
